Ion File
  IonValueImpl(VALUE)
    IonContainerImpl(CONTAINER)
      IonStructImpl(STRUCT)
        PsiElement(LBRACE)('{')
        PsiWhiteSpace(' ')
        IonMembersImpl(MEMBERS)
          IonPairImpl(PAIR)
            IonKeyImpl(KEY)
              PsiElement(KEY_NAME)('key')
            PsiElement(SEPARATOR)(':')
            PsiWhiteSpace(' ')
            IonValueImpl(VALUE)
              IonSymbolImpl(SYMBOL)
                PsiElement(IDENTIFIER)('value')
        PsiWhiteSpace(' ')
        PsiElement(RBRACE)('}')
