Ion File
  IonValueImpl(VALUE)
    IonContainerImpl(CONTAINER)
      IonListImpl(LIST)
        PsiElement(LBRACKET)('[')
        PsiWhiteSpace(' ')
        IonElementsImpl(ELEMENTS)
          IonValueImpl(VALUE)
            IonSymbolImpl(SYMBOL)
              PsiElement(IDENTIFIER)('key')
        PsiWhiteSpace(' ')
        PsiElement(RBRACKET)(']')
