Ion File
  IonValueImpl(VALUE)
    IonContainerImpl(CONTAINER)
      IonSexpressionImpl(SEXPRESSION)
        PsiElement(LPAREN)('(')
        IonAtomsImpl(ATOMS)
          IonValueImpl(VALUE)
            IonStringImpl(STRING)
              IonQqStringImpl(QQ_STRING)
                PsiElement(QQ_START)('"')
                PsiElement(QQ_VALUE)('first')
                PsiElement(QQ_END)('"')
          PsiWhiteSpace(' ')
          IonValueImpl(VALUE)
            IonStringImpl(STRING)
              IonQqStringImpl(QQ_STRING)
                PsiElement(QQ_START)('"')
                PsiElement(QQ_VALUE)('second')
                PsiElement(QQ_END)('"')
          PsiWhiteSpace(' ')
          IonValueImpl(VALUE)
            IonContainerImpl(CONTAINER)
              IonStructImpl(STRUCT)
                PsiElement(LBRACE)('{')
                IonMembersImpl(MEMBERS)
                  <empty list>
                PsiElement(RBRACE)('}')
        PsiElement(RPAREN)(')')
