Ion File
  IonValueImpl(VALUE)
    IonContainerImpl(CONTAINER)
      IonSexpressionImpl(SEXPRESSION)
        PsiElement(LPAREN)('(')
        IonSexpressionOperatorImpl(SEXPRESSION_OPERATOR)
          IonSymbolImpl(SYMBOL)
            PsiElement(IDENTIFIER)('test')
        PsiWhiteSpace(' ')
        IonAtomsImpl(ATOMS)
          IonValueImpl(VALUE)
            IonSymbolImpl(SYMBOL)
              PsiElement(IDENTIFIER)('element')
        PsiElement(RPAREN)(')')
